---
source: crates/oxc_linter/src/tester.rs
expression: no_jsx_as_prop
---
  ⚠ eslint-plugin-react-perf(no-jsx-as-prop):
   ╭─[no_jsx_as_prop.tsx:1:1]
 1 │ <Item jsx={<SubItem />} />
   · ──────────────────────────
   ╰────
  help: 

  ⚠ eslint-plugin-react-perf(no-jsx-as-prop):
   ╭─[no_jsx_as_prop.tsx:1:1]
 1 │ <Item jsx={this.props.jsx || <SubItem />} />
   · ────────────────────────────────────────────
   ╰────
  help: 

  ⚠ eslint-plugin-react-perf(no-jsx-as-prop):
   ╭─[no_jsx_as_prop.tsx:1:1]
 1 │ <Item jsx={this.props.jsx ? this.props.jsx : <SubItem />} />
   · ────────────────────────────────────────────────────────────
   ╰────
  help: 


