---
source: crates/oxc_linter/src/tester.rs
expression: no_new_function_as_props
---
  ⚠ eslint-plugin-react-perf(no-new-function-as-props):
   ╭─[no_new_function_as_props.tsx:1:1]
 1 │ <Item prop={this.props.callback || this.props.callback ? this.props.callback : function(){}} />
   · ───────────────────────────────────────────────────────────────────────────────────────────────
   ╰────
  help: 


