---
source: crates/oxc_linter/src/tester.rs
expression: no_new_array_as_prop
---
  ⚠ eslint-plugin-react-perf(no-new-array-as-prop):
   ╭─[no_new_array_as_prop.tsx:1:1]
 1 │ <Item list={[]} />
   · ──────────────────
   ╰────
  help: 

  ⚠ eslint-plugin-react-perf(no-new-array-as-prop):
   ╭─[no_new_array_as_prop.tsx:1:1]
 1 │ <Item list={new Array()} />
   · ───────────────────────────
   ╰────
  help: 

  ⚠ eslint-plugin-react-perf(no-new-array-as-prop):
   ╭─[no_new_array_as_prop.tsx:1:1]
 1 │ <Item list={Array()} />
   · ───────────────────────
   ╰────
  help: 

  ⚠ eslint-plugin-react-perf(no-new-array-as-prop):
   ╭─[no_new_array_as_prop.tsx:1:1]
 1 │ <Item list={this.props.list || []} />
   · ─────────────────────────────────────
   ╰────
  help: 

  ⚠ eslint-plugin-react-perf(no-new-array-as-prop):
   ╭─[no_new_array_as_prop.tsx:1:1]
 1 │ <Item list={this.props.list ? this.props.list : []} />
   · ──────────────────────────────────────────────────────
   ╰────
  help: 


