---
source: crates/oxc_linter/src/tester.rs
expression: no_new_object_as_prop
---
  ⚠ eslint-plugin-react-perf(no-new-object-as-prop):
   ╭─[no_new_object_as_prop.tsx:1:1]
 1 │ <Item config={{}} />
   · ────────────────────
   ╰────
  help: 

  ⚠ eslint-plugin-react-perf(no-new-object-as-prop):
   ╭─[no_new_object_as_prop.tsx:1:1]
 1 │ <Item config={new Object()} />
   · ──────────────────────────────
   ╰────
  help: 

  ⚠ eslint-plugin-react-perf(no-new-object-as-prop):
   ╭─[no_new_object_as_prop.tsx:1:1]
 1 │ <Item config={Object()} />
   · ──────────────────────────
   ╰────
  help: 

  ⚠ eslint-plugin-react-perf(no-new-object-as-prop):
   ╭─[no_new_object_as_prop.tsx:1:1]
 1 │ <div style={{display: 'none'}} />
   · ─────────────────────────────────
   ╰────
  help: 

  ⚠ eslint-plugin-react-perf(no-new-object-as-prop):
   ╭─[no_new_object_as_prop.tsx:1:1]
 1 │ <Item config={this.props.config || {}} />
   · ─────────────────────────────────────────
   ╰────
  help: 

  ⚠ eslint-plugin-react-perf(no-new-object-as-prop):
   ╭─[no_new_object_as_prop.tsx:1:1]
 1 │ <Item config={this.props.config ? this.props.config : {}} />
   · ────────────────────────────────────────────────────────────
   ╰────
  help: 


