---
source: crates/oxc_linter/src/tester.rs
expression: no_null
---
  ⚠ eslint-plugin-unicorn(no-null): Disallow the use of the `null` literal
   ╭─[no_null.tsx:1:1]
 1 │ const foo = null
   ·             ────
   ╰────
  help: Replace the `null` literal with `undefined`.

  ⚠ eslint-plugin-unicorn(no-null): Disallow the use of the `null` literal
   ╭─[no_null.tsx:1:1]
 1 │ foo(null)
   ·     ────
   ╰────
  help: Replace the `null` literal with `undefined`.

  ⚠ eslint-plugin-unicorn(no-null): Disallow the use of the `null` literal
   ╭─[no_null.tsx:1:1]
 1 │ if (foo == null) {}
   ·            ────
   ╰────
  help: Replace the `null` literal with `undefined`.

  ⚠ eslint-plugin-unicorn(no-null): Disallow the use of the `null` literal
   ╭─[no_null.tsx:1:1]
 1 │ if (foo != null) {}
   ·            ────
   ╰────
  help: Replace the `null` literal with `undefined`.

  ⚠ eslint-plugin-unicorn(no-null): Disallow the use of the `null` literal
   ╭─[no_null.tsx:1:1]
 1 │ if (null == foo) {}
   ·     ────
   ╰────
  help: Replace the `null` literal with `undefined`.

  ⚠ eslint-plugin-unicorn(no-null): Disallow the use of the `null` literal
   ╭─[no_null.tsx:1:1]
 1 │ if (null != foo) {}
   ·     ────
   ╰────
  help: Replace the `null` literal with `undefined`.

  ⚠ eslint-plugin-unicorn(no-null): Disallow the use of the `null` literal
   ╭─[no_null.tsx:1:1]
 1 │ function foo() {
 2 │             return null;
   ·                    ────
 3 │             }
   ╰────
  help: Remove the `null` literal.

  ⚠ eslint-plugin-unicorn(no-null): Disallow the use of the `null` literal
   ╭─[no_null.tsx:1:1]
 1 │ let foo = null;
   ·           ────
   ╰────
  help: Remove the `null` literal.

  ⚠ eslint-plugin-unicorn(no-null): Disallow the use of the `null` literal
   ╭─[no_null.tsx:1:1]
 1 │ var foo = null;
   ·           ────
   ╰────
  help: Remove the `null` literal.

  ⚠ eslint-plugin-unicorn(no-null): Disallow the use of the `null` literal
   ╭─[no_null.tsx:1:1]
 1 │ var foo = 1, bar = null, baz = 2;
   ·                    ────
   ╰────
  help: Remove the `null` literal.

  ⚠ eslint-plugin-unicorn(no-null): Disallow the use of the `null` literal
   ╭─[no_null.tsx:1:1]
 1 │ const foo = null;
   ·             ────
   ╰────
  help: Replace the `null` literal with `undefined`.

  ⚠ eslint-plugin-unicorn(no-null): Disallow the use of the `null` literal
   ╭─[no_null.tsx:1:1]
 1 │ if (foo === null) {}
   ·             ────
   ╰────
  help: Replace the `null` literal with `undefined`.

  ⚠ eslint-plugin-unicorn(no-null): Disallow the use of the `null` literal
   ╭─[no_null.tsx:1:1]
 1 │ if (null === foo) {}
   ·     ────
   ╰────
  help: Replace the `null` literal with `undefined`.

  ⚠ eslint-plugin-unicorn(no-null): Disallow the use of the `null` literal
   ╭─[no_null.tsx:1:1]
 1 │ if (foo !== null) {}
   ·             ────
   ╰────
  help: Replace the `null` literal with `undefined`.

  ⚠ eslint-plugin-unicorn(no-null): Disallow the use of the `null` literal
   ╭─[no_null.tsx:1:1]
 1 │ if (null !== foo) {}
   ·     ────
   ╰────
  help: Replace the `null` literal with `undefined`.

  ⚠ eslint-plugin-unicorn(no-null): Disallow the use of the `null` literal
   ╭─[no_null.tsx:1:1]
 1 │ new Object.create(null)
   ·                   ────
   ╰────
  help: Replace the `null` literal with `undefined`.

  ⚠ eslint-plugin-unicorn(no-null): Disallow the use of the `null` literal
   ╭─[no_null.tsx:1:1]
 1 │ new foo.insertBefore(bar, null)
   ·                           ────
   ╰────
  help: Replace the `null` literal with `undefined`.

  ⚠ eslint-plugin-unicorn(no-null): Disallow the use of the `null` literal
   ╭─[no_null.tsx:1:1]
 1 │ create(null)
   ·        ────
   ╰────
  help: Replace the `null` literal with `undefined`.

  ⚠ eslint-plugin-unicorn(no-null): Disallow the use of the `null` literal
   ╭─[no_null.tsx:1:1]
 1 │ insertBefore(bar, null)
   ·                   ────
   ╰────
  help: Replace the `null` literal with `undefined`.

  ⚠ eslint-plugin-unicorn(no-null): Disallow the use of the `null` literal
   ╭─[no_null.tsx:1:1]
 1 │ Object['create'](null)
   ·                  ────
   ╰────
  help: Replace the `null` literal with `undefined`.

  ⚠ eslint-plugin-unicorn(no-null): Disallow the use of the `null` literal
   ╭─[no_null.tsx:1:1]
 1 │ foo['insertBefore'](bar, null)
   ·                          ────
   ╰────
  help: Replace the `null` literal with `undefined`.

  ⚠ eslint-plugin-unicorn(no-null): Disallow the use of the `null` literal
   ╭─[no_null.tsx:1:1]
 1 │ Object[create](null)
   ·                ────
   ╰────
  help: Replace the `null` literal with `undefined`.

  ⚠ eslint-plugin-unicorn(no-null): Disallow the use of the `null` literal
   ╭─[no_null.tsx:1:1]
 1 │ foo[insertBefore](bar, null)
   ·                        ────
   ╰────
  help: Replace the `null` literal with `undefined`.

  ⚠ eslint-plugin-unicorn(no-null): Disallow the use of the `null` literal
   ╭─[no_null.tsx:1:1]
 1 │ Object[null](null)
   ·              ────
   ╰────
  help: Replace the `null` literal with `undefined`.

  ⚠ eslint-plugin-unicorn(no-null): Disallow the use of the `null` literal
   ╭─[no_null.tsx:1:1]
 1 │ Object[null](null)
   ·        ────
   ╰────
  help: Replace the `null` literal with `undefined`.

  ⚠ eslint-plugin-unicorn(no-null): Disallow the use of the `null` literal
   ╭─[no_null.tsx:1:1]
 1 │ Object.notCreate(null)
   ·                  ────
   ╰────
  help: Replace the `null` literal with `undefined`.

  ⚠ eslint-plugin-unicorn(no-null): Disallow the use of the `null` literal
   ╭─[no_null.tsx:1:1]
 1 │ foo.notInsertBefore(foo, null)
   ·                          ────
   ╰────
  help: Replace the `null` literal with `undefined`.

  ⚠ eslint-plugin-unicorn(no-null): Disallow the use of the `null` literal
   ╭─[no_null.tsx:1:1]
 1 │ NotObject.create(null)
   ·                  ────
   ╰────
  help: Replace the `null` literal with `undefined`.

  ⚠ eslint-plugin-unicorn(no-null): Disallow the use of the `null` literal
   ╭─[no_null.tsx:1:1]
 1 │ lib.Object.create(null)
   ·                   ────
   ╰────
  help: Replace the `null` literal with `undefined`.

  ⚠ eslint-plugin-unicorn(no-null): Disallow the use of the `null` literal
   ╭─[no_null.tsx:1:1]
 1 │ Object.create(...[null])
   ·                   ────
   ╰────
  help: Replace the `null` literal with `undefined`.

  ⚠ eslint-plugin-unicorn(no-null): Disallow the use of the `null` literal
   ╭─[no_null.tsx:1:1]
 1 │ Object.create(null, bar, extraArgument)
   ·               ────
   ╰────
  help: Replace the `null` literal with `undefined`.

  ⚠ eslint-plugin-unicorn(no-null): Disallow the use of the `null` literal
   ╭─[no_null.tsx:1:1]
 1 │ foo.insertBefore(null)
   ·                  ────
   ╰────
  help: Replace the `null` literal with `undefined`.

  ⚠ eslint-plugin-unicorn(no-null): Disallow the use of the `null` literal
   ╭─[no_null.tsx:1:1]
 1 │ foo.insertBefore(foo, null, bar)
   ·                       ────
   ╰────
  help: Replace the `null` literal with `undefined`.

  ⚠ eslint-plugin-unicorn(no-null): Disallow the use of the `null` literal
   ╭─[no_null.tsx:1:1]
 1 │ foo.insertBefore(...[foo], null)
   ·                            ────
   ╰────
  help: Replace the `null` literal with `undefined`.

  ⚠ eslint-plugin-unicorn(no-null): Disallow the use of the `null` literal
   ╭─[no_null.tsx:1:1]
 1 │ foo.insertBefore(null, bar)
   ·                  ────
   ╰────
  help: Replace the `null` literal with `undefined`.

  ⚠ eslint-plugin-unicorn(no-null): Disallow the use of the `null` literal
   ╭─[no_null.tsx:1:1]
 1 │ Object.create(bar, null)
   ·                    ────
   ╰────
  help: Replace the `null` literal with `undefined`.


