codegen_misc Summary:
AST Parsed     : 9/9 (100.00%)
Positive Passed: 9/9 (100.00%)
